feature@org.eclipse.rcp.extras=SVN,branches/1.0M1,http://svn.eclipsetrader.org/svnroot/eclipsetrader,,org.eclipse.rcp.extras-feature
plugin@org.eclipse.rcp.extras=SVN,branches/1.0M1,http://svn.eclipsetrader.org/svnroot/eclipsetrader,,org.eclipse.rcp.extras

feature@net.java.rome=SVN,trunk,http://svn.eclipsetrader.org/svnroot/eclipsetrader,,net.java.rome-feature
plugin@net.java.rome=SVN,trunk,http://svn.eclipsetrader.org/svnroot/eclipsetrader,,net.java.rome
plugin@net.java.rome.fetcher=SVN,trunk,http://svn.eclipsetrader.org/svnroot/eclipsetrader,,net.java.rome.fetcher

feature@org.apache.commons=SVN,trunk,http://svn.eclipsetrader.org/svnroot/eclipsetrader,,org.apache.commons-feature
plugin@org.apache.commons=SVN,trunk,http://svn.eclipsetrader.org/svnroot/eclipsetrader,,org.apache.commons

feature@org.apache.log4j=SVN,trunk,http://svn.eclipsetrader.org/svnroot/eclipsetrader,,org.apache.log4j-feature
plugin@org.apache.log4j=SVN,trunk,http://svn.eclipsetrader.org/svnroot/eclipsetrader,,org.apache.log4j

feature@org.jdom=SVN,trunk,http://svn.eclipsetrader.org/svnroot/eclipsetrader,,org.jdom-feature
plugin@org.jdom=SVN,trunk,http://svn.eclipsetrader.org/svnroot/eclipsetrader,,org.jdom

feature@org.eclipsetrader.platform=SVN,branches/1.0M1,http://svn.eclipsetrader.org/svnroot/eclipsetrader,,org.eclipsetrader.platform-feature
plugin@org.eclipse.nebula.widgets.cdatetime=CVS,HEAD,:pserver:anonymous@dev.eclipse.org:/cvsroot/technology,,org.eclipse.swt.nebula/org.eclipse.nebula.widgets.cdatetime
plugin@javax.xml.bind=SVN,branches/1.0M1,http://svn.eclipsetrader.org/svnroot/eclipsetrader,,javax.xml.bind
plugin@org.eclipsetrader.core=SVN,branches/1.0M1,http://svn.eclipsetrader.org/svnroot/eclipsetrader,,org.eclipsetrader.core
plugin@org.eclipsetrader.platform=SVN,branches/1.0M1,http://svn.eclipsetrader.org/svnroot/eclipsetrader,,org.eclipsetrader.platform
plugin@org.eclipsetrader.ui=SVN,branches/1.0M1,http://svn.eclipsetrader.org/svnroot/eclipsetrader,,org.eclipsetrader.ui
plugin@org.eclipsetrader.ui.application=SVN,branches/1.0M1,http://svn.eclipsetrader.org/svnroot/eclipsetrader,,org.eclipsetrader.ui.application
plugin@org.eclipsetrader.repository.local=SVN,branches/1.0M1,http://svn.eclipsetrader.org/svnroot/eclipsetrader,,org.eclipsetrader.repository.local
plugin@org.eclipsetrader.directaworld=SVN,branches/1.0M1,http://svn.eclipsetrader.org/svnroot/eclipsetrader,,org.eclipsetrader.directaworld
plugin@org.eclipsetrader.opentick=SVN,branches/1.0M1,http://svn.eclipsetrader.org/svnroot/eclipsetrader,,org.eclipsetrader.opentick
plugin@org.eclipsetrader.yahoo=SVN,branches/1.0M1,http://svn.eclipsetrader.org/svnroot/eclipsetrader,,org.eclipsetrader.yahoo
